  Determining projects to restore...
  All projects are up-to-date for restore.
  Tests -> /app/Tests/bin/Debug/net8.0/Tests.dll
Test run for /app/Tests/bin/Debug/net8.0/Tests.dll (.NETCoreApp,Version=v8.0)
VSTest version 18.0.1 (x64)

Starting test execution, please wait...
A total of 1 test files matched the specified pattern.

Passed!  - Failed:     0, Passed:    11, Skipped:     0, Total:    11, Duration: 67 ms - Tests.dll (net8.0)
